---
source: borealis/src/genc.rs
expression: execute
---
/* GENERATED BY BOREALIS */


