---
source: borealis/src/genc.rs
expression: behaviours
---
/* GENERATED BY BOREALIS */


